============================================================
  commutator_eff importance scoring
  seed        : 477  (20260324_170741_seed477)
  scoring at  : 10 random param sets (averaged eff)
  n_avg       : 10
  init energy : 0.059033
  global min  : -4.000000
============================================================

[1] Computing naive importance scores...
[2] Computing averaged effective-Hamiltonian importance scores (10 param sets)...

  Effective score ranking:
  rank |        label |  eff score |      std | naive score
  -------------------------------------------------------
     1 |      L0Q3RZ0 |     6.4050 |   0.6397 |      0.0000  ████████████████████████████████
     2 |      L0Q3RZ2 |     6.3675 |   0.7679 |      0.0000  ███████████████████████████████
     3 |      L0Q2RY1 |     6.2733 |   0.4341 |      4.0000  ███████████████████████████████
     4 |      L0Q3RY1 |     6.0698 |   0.6055 |      4.0000  ██████████████████████████████
     5 |      L0Q0RY1 |     5.9358 |   0.6621 |      4.0000  █████████████████████████████
     6 |      L0Q2RZ0 |     5.8344 |   0.5251 |      0.0000  █████████████████████████████
     7 |      L0Q1RY1 |     5.7448 |   0.2981 |      4.0000  ████████████████████████████
     8 |      L0Q0RZ0 |     5.7320 |   0.4012 |      0.0000  ████████████████████████████
     9 |      L1Q2RY1 |     5.6569 |   0.0000 |      4.0000  ████████████████████████████
    10 |      L1Q3RY1 |     5.6569 |   0.0000 |      4.0000  ████████████████████████████
    11 |      L0Q1RZ0 |     5.4653 |   0.5059 |      0.0000  ███████████████████████████
    12 |      L0Q2RZ2 |     5.4511 |   0.7067 |      0.0000  ███████████████████████████
    13 |      L0Q0RZ2 |     5.2653 |   0.7701 |      0.0000  ██████████████████████████
    14 |      L0Q1RZ2 |     4.8243 |   0.5393 |      0.0000  ████████████████████████
    15 |      L1Q2RZ0 |     4.4721 |   0.9524 |      0.0000  ██████████████████████
    16 |      L1Q3RZ0 |     4.2692 |   1.4148 |      0.0000  █████████████████████
    17 |      L1Q0RY1 |     4.0000 |   0.0000 |      4.0000  ████████████████████
    18 |      L1Q1RY1 |     4.0000 |   0.0000 |      4.0000  ████████████████████
    19 |      L1Q1RZ0 |     2.8140 |   1.1783 |      0.0000  ██████████████
    20 |      L1Q0RZ0 |     2.6082 |   1.1340 |      0.0000  █████████████
    21 |      L1Q0RZ2 |     0.0000 |   0.0000 |      0.0000  
    22 |      L1Q1RZ2 |     0.0000 |   0.0000 |      0.0000  
    23 |      L1Q2RZ2 |     0.0000 |   0.0000 |      0.0000  
    24 |      L1Q3RZ2 |     0.0000 |   0.0000 |      0.0000  

[3] Plotting importance comparison...
  Saved: importance_comparison.png

=======================================================
  Clean Adam — eff scoring
=======================================================

[pruned_8_eff] top-8: ['L0Q3RZ0', 'L0Q3RZ2', 'L0Q2RY1', 'L0Q3RY1', 'L0Q0RY1', 'L0Q2RZ0']...
    step  100 | E = -1.948223
    step  200 | E = -1.999994
    step  300 | E = -2.000000
    step  400 | E = -2.000000
    step  500 | E = -2.000000
  → final E = -2.000000  |  4.4s

[pruned_16_eff] top-16: ['L0Q3RZ0', 'L0Q3RZ2', 'L0Q2RY1', 'L0Q3RY1', 'L0Q0RY1', 'L0Q2RZ0']...
    step  100 | E = -1.442018
    step  200 | E = -1.994377
    step  300 | E = -2.000000
    step  400 | E = -2.000000
    step  500 | E = -2.000000
  → final E = -2.000000  |  6.2s

=======================================================
  Clean Adam — naive scoring
=======================================================

[pruned_8_naive] top-8: ['L0Q0RY1', 'L0Q1RY1', 'L0Q2RY1', 'L0Q3RY1', 'L1Q0RY1', 'L1Q1RY1']...
    step  100 | E = -3.381917
    step  200 | E = -3.996746
    step  300 | E = -3.999998
    step  400 | E = -4.000000
    step  500 | E = -4.000000
  → final E = -4.000000  |  4.9s

[pruned_16_naive] top-16: ['L0Q0RY1', 'L0Q1RY1', 'L0Q2RY1', 'L0Q3RY1', 'L1Q0RY1', 'L1Q1RY1']...
    step  100 | E = -2.261561
    step  200 | E = -3.997084
    step  300 | E = -4.000000
    step  400 | E = -4.000000
    step  500 | E = -4.000000
  → final E = -4.000000  |  6.4s

=======================================================
  Noise annealing experiments
=======================================================

[noise_full]
  schedule: [0.7, 0.4, 0.2, 0.1, 0.05, 0.03, 0.01, 0.007, 0.005, 0.0]

  Stage 1/10 | p=0.7 | adam(lr=0.01)
    converged step 290 | E=-3.999279 std=0.00043 Δ=0.00355
    done: steps=290 | E=-3.999279 | 7.7s

  Stage 2/10 | p=0.4 | adam(lr=0.01)
    converged step 50 | E=-3.999997 std=0.00000 Δ=0.00001
    done: steps=50 | E=-3.999997 | 1.3s

  Stage 3/10 | p=0.2 | adam(lr=0.01)
    converged step 50 | E=-4.000000 std=0.00000 Δ=0.00003
    done: steps=50 | E=-4.000000 | 1.4s

  Stage 4/10 | p=0.1 | adam(lr=0.01)
    converged step 50 | E=-4.000000 std=0.00000 Δ=0.00003
    done: steps=50 | E=-4.000000 | 1.4s

  Stage 5/10 | p=0.05 | adam(lr=0.01)
    converged step 50 | E=-4.000000 std=0.00000 Δ=0.00002
    done: steps=50 | E=-4.000000 | 1.4s

  Stage 6/10 | p=0.03 | adam(lr=0.01)
    converged step 50 | E=-4.000000 std=0.00000 Δ=0.00003
    done: steps=50 | E=-4.000000 | 1.3s

  Stage 7/10 | p=0.01 | adam(lr=0.01)
    converged step 50 | E=-4.000000 std=0.00000 Δ=0.00002
    done: steps=50 | E=-4.000000 | 1.3s

  Stage 8/10 | p=0.007 | adam(lr=0.01)
    converged step 50 | E=-4.000000 std=0.00000 Δ=0.00003
    done: steps=50 | E=-4.000000 | 1.4s

  Stage 9/10 | clean | adam(lr=0.01)
    converged step 50 | E=-4.000000 std=0.00000 Δ=0.00003
    done: steps=50 | E=-4.000000 | 0.6s

  Stage 10/10 | clean | adam(lr=0.01)
    converged step 50 | E=-4.000000 std=0.00000 Δ=0.00003
    done: steps=50 | E=-4.000000 | 0.6s

  total_steps=740 | final_E=-4.000000
  → final E = -4.000000  |  18.3s

[pruned_8_eff_noise] top-8: ['L0Q3RZ0', 'L0Q3RZ2', 'L0Q2RY1', 'L0Q3RY1', 'L0Q0RY1', 'L0Q2RZ0']...
  active gates: 8 | schedule: [0.7, 0.4, 0.2, 0.1, 0.05, 0.03, 0.01, 0.007, 0.005, 0.0]

  Stage 1/10 | p=0.7
    converged step 160 | E=-1.999417 std=0.00042 Δ=0.00407
    done: steps=160 | E=-1.999417 | 1.7s

  Stage 2/10 | p=0.4
    converged step 50 | E=-1.999998 std=0.00000 Δ=0.00002
    done: steps=50 | E=-1.999998 | 0.5s

  Stage 3/10 | p=0.2
    converged step 50 | E=-2.000000 std=0.00000 Δ=0.00001
    done: steps=50 | E=-2.000000 | 0.5s

  Stage 4/10 | p=0.1
    converged step 50 | E=-1.999999 std=0.00000 Δ=0.00001
    done: steps=50 | E=-1.999999 | 0.5s

  Stage 5/10 | p=0.05
    converged step 50 | E=-2.000000 std=0.00000 Δ=0.00001
    done: steps=50 | E=-2.000000 | 0.5s

  Stage 6/10 | p=0.03
    converged step 50 | E=-1.999999 std=0.00000 Δ=0.00001
    done: steps=50 | E=-1.999999 | 0.5s

  Stage 7/10 | p=0.01
    converged step 50 | E=-2.000000 std=0.00000 Δ=0.00001
    done: steps=50 | E=-2.000000 | 0.5s

  Stage 8/10 | p=0.007
    converged step 50 | E=-1.999999 std=0.00000 Δ=0.00001
    done: steps=50 | E=-1.999999 | 0.5s

  Stage 9/10 | clean
    converged step 50 | E=-2.000000 std=0.00000 Δ=0.00001
    done: steps=50 | E=-2.000000 | 0.3s

  Stage 10/10 | clean
    converged step 50 | E=-1.999999 std=0.00000 Δ=0.00001
    done: steps=50 | E=-1.999999 | 0.4s

  total_steps=610 | final_E=-1.999999
  → final E = -1.999999  |  6.1s

[pruned_16_eff_noise] top-16: ['L0Q3RZ0', 'L0Q3RZ2', 'L0Q2RY1', 'L0Q3RY1', 'L0Q0RY1', 'L0Q2RZ0']...
  active gates: 16 | schedule: [0.7, 0.4, 0.2, 0.1, 0.05, 0.03, 0.01, 0.007, 0.005, 0.0]

  Stage 1/10 | p=0.7
    converged step 230 | E=-1.999485 std=0.00033 Δ=0.00327
    done: steps=230 | E=-1.999485 | 3.4s

  Stage 2/10 | p=0.4
    converged step 50 | E=-1.999999 std=0.00000 Δ=0.00002
    done: steps=50 | E=-1.999999 | 0.7s

  Stage 3/10 | p=0.2
    converged step 50 | E=-2.000000 std=0.00000 Δ=0.00001
    done: steps=50 | E=-2.000000 | 0.7s

  Stage 4/10 | p=0.1
    converged step 50 | E=-1.999999 std=0.00000 Δ=0.00001
    done: steps=50 | E=-1.999999 | 0.8s

  Stage 5/10 | p=0.05
    converged step 50 | E=-2.000000 std=0.00000 Δ=0.00001
    done: steps=50 | E=-2.000000 | 0.8s

  Stage 6/10 | p=0.03
    converged step 50 | E=-2.000000 std=0.00000 Δ=0.00001
    done: steps=50 | E=-2.000000 | 0.7s

  Stage 7/10 | p=0.01
    converged step 50 | E=-2.000000 std=0.00000 Δ=0.00001
    done: steps=50 | E=-2.000000 | 0.7s

  Stage 8/10 | p=0.007
    converged step 50 | E=-2.000000 std=0.00000 Δ=0.00001
    done: steps=50 | E=-2.000000 | 0.7s

  Stage 9/10 | clean
    converged step 50 | E=-2.000000 std=0.00000 Δ=0.00001
    done: steps=50 | E=-2.000000 | 0.5s

  Stage 10/10 | clean
    converged step 50 | E=-2.000000 std=0.00000 Δ=0.00001
    done: steps=50 | E=-2.000000 | 0.5s

  total_steps=680 | final_E=-2.000000
  → final E = -2.000000  |  9.5s

[pruned_8_naive_noise] top-8: ['L0Q0RY1', 'L0Q1RY1', 'L0Q2RY1', 'L0Q3RY1', 'L1Q0RY1', 'L1Q1RY1']...
  active gates: 8 | schedule: [0.7, 0.4, 0.2, 0.1, 0.05, 0.03, 0.01, 0.007, 0.005, 0.0]

  Stage 1/10 | p=0.7
    converged step 220 | E=-3.999097 std=0.00042 Δ=0.00330
    done: steps=220 | E=-3.999097 | 2.8s

  Stage 2/10 | p=0.4
    converged step 50 | E=-3.999998 std=0.00000 Δ=0.00005
    done: steps=50 | E=-3.999998 | 0.7s

  Stage 3/10 | p=0.2
    converged step 50 | E=-4.000000 std=0.00000 Δ=0.00003
    done: steps=50 | E=-4.000000 | 0.6s

  Stage 4/10 | p=0.1
    converged step 50 | E=-3.999998 std=0.00000 Δ=0.00002
    done: steps=50 | E=-3.999998 | 0.6s

  Stage 5/10 | p=0.05
    converged step 50 | E=-4.000000 std=0.00000 Δ=0.00003
    done: steps=50 | E=-4.000000 | 0.6s

  Stage 6/10 | p=0.03
    converged step 50 | E=-3.999998 std=0.00000 Δ=0.00002
    done: steps=50 | E=-3.999998 | 0.7s

  Stage 7/10 | p=0.01
    converged step 50 | E=-4.000000 std=0.00000 Δ=0.00003
    done: steps=50 | E=-4.000000 | 0.6s

  Stage 8/10 | p=0.007
    converged step 50 | E=-3.999998 std=0.00000 Δ=0.00002
    done: steps=50 | E=-3.999998 | 0.6s

  Stage 9/10 | clean
    converged step 50 | E=-4.000000 std=0.00000 Δ=0.00003
    done: steps=50 | E=-4.000000 | 0.4s

  Stage 10/10 | clean
    converged step 50 | E=-3.999998 std=0.00000 Δ=0.00002
    done: steps=50 | E=-3.999998 | 0.3s

  total_steps=670 | final_E=-3.999998
  → final E = -3.999998  |  8.0s

[pruned_16_naive_noise] top-16: ['L0Q0RY1', 'L0Q1RY1', 'L0Q2RY1', 'L0Q3RY1', 'L1Q0RY1', 'L1Q1RY1']...
  active gates: 16 | schedule: [0.7, 0.4, 0.2, 0.1, 0.05, 0.03, 0.01, 0.007, 0.005, 0.0]

  Stage 1/10 | p=0.7
    converged step 220 | E=-3.999507 std=0.00037 Δ=0.00382
    done: steps=220 | E=-3.999507 | 3.6s

  Stage 2/10 | p=0.4
    converged step 50 | E=-3.999998 std=0.00000 Δ=0.00005
    done: steps=50 | E=-3.999998 | 0.8s

  Stage 3/10 | p=0.2
    converged step 50 | E=-3.999999 std=0.00000 Δ=0.00005
    done: steps=50 | E=-3.999999 | 0.8s

  Stage 4/10 | p=0.1
    converged step 50 | E=-3.999998 std=0.00000 Δ=0.00004
    done: steps=50 | E=-3.999998 | 0.8s

  Stage 5/10 | p=0.05
    converged step 50 | E=-3.999999 std=0.00000 Δ=0.00005
    done: steps=50 | E=-3.999999 | 0.8s

  Stage 6/10 | p=0.03
    converged step 50 | E=-3.999998 std=0.00000 Δ=0.00004
    done: steps=50 | E=-3.999998 | 0.8s

  Stage 7/10 | p=0.01
    converged step 50 | E=-3.999999 std=0.00000 Δ=0.00005
    done: steps=50 | E=-3.999999 | 0.8s

  Stage 8/10 | p=0.007
    converged step 50 | E=-3.999997 std=0.00000 Δ=0.00004
    done: steps=50 | E=-3.999997 | 0.8s

  Stage 9/10 | clean
    converged step 50 | E=-3.999999 std=0.00000 Δ=0.00005
    done: steps=50 | E=-3.999999 | 0.5s

  Stage 10/10 | clean
    converged step 50 | E=-3.999997 std=0.00000 Δ=0.00004
    done: steps=50 | E=-3.999997 | 0.4s

  total_steps=670 | final_E=-3.999997
  → final E = -3.999997  |  10.1s

[4] Plotting training comparison...
  Saved: training_comparison.png

=================================================================
                      experiment |    final E |    time
-----------------------------------------------------------------
                    pruned_8_eff |  -2.000000 |    4.4s
                   pruned_16_eff |  -2.000000 |    6.2s
                  pruned_8_naive |  -4.000000 |    4.9s
                 pruned_16_naive |  -4.000000 |    6.4s
                      noise_full |  -4.000000 |   18.3s
              pruned_8_eff_noise |  -1.999999 |    6.1s
             pruned_16_eff_noise |  -2.000000 |    9.5s
            pruned_8_naive_noise |  -3.999998 |    8.0s
           pruned_16_naive_noise |  -3.999997 |   10.1s
-----------------------------------------------------------------
                      global min |  -4.000000 |
  total: 74s
=================================================================

Results saved → /home/yujin/noise_assisted_annealing/pruning_260512/commutator_eff_YJ_260521/results/20260617_104240_seed477_avg10/
