============================================================
  commutator_eff importance scoring
  seed        : 477  (20260324_170741_seed477)
  scoring at  : 50 random param sets (averaged eff)
  n_avg       : 50
  noise_scale : 0.5
  init energy : 0.059033
  global min  : -4.000000
============================================================

[1] Computing averaged effective-Hamiltonian importance scores (50 param sets)...

  Effective score ranking:
  rank |        label |  eff score |      std
  ------------------------------------------
     1 |      L0Q2RY1 |     6.3322 |   0.5810  ███████████████████████████████
     2 |      L0Q0RY1 |     6.1983 |   0.5339  ██████████████████████████████
     3 |      L0Q3RY1 |     6.1546 |   0.5653  ██████████████████████████████
     4 |      L0Q1RY1 |     5.9345 |   0.3688  █████████████████████████████
     5 |      L0Q3RZ0 |     5.7565 |   1.2400  ████████████████████████████
     6 |      L0Q0RZ0 |     5.6651 |   0.7625  ████████████████████████████
     7 |      L1Q2RY1 |     5.6569 |   0.0000  ████████████████████████████
     8 |      L1Q3RY1 |     5.6569 |   0.0000  ████████████████████████████
     9 |      L0Q2RZ0 |     5.5531 |   0.9696  ███████████████████████████
    10 |      L0Q3RZ2 |     5.5130 |   1.7126  ███████████████████████████
    11 |      L0Q1RZ0 |     5.4559 |   0.5763  ███████████████████████████
    12 |      L0Q0RZ2 |     4.8207 |   1.1842  ████████████████████████
    13 |      L0Q1RZ2 |     4.8059 |   0.8682  ████████████████████████
    14 |      L0Q2RZ2 |     4.6245 |   1.4280  ███████████████████████
    15 |      L1Q0RY1 |     4.0000 |   0.0000  ████████████████████
    16 |      L1Q1RY1 |     4.0000 |   0.0000  ████████████████████
    17 |      L1Q3RZ0 |     3.7834 |   1.6115  ██████████████████
    18 |      L1Q2RZ0 |     3.7062 |   1.6369  ██████████████████
    19 |      L1Q0RZ0 |     2.5375 |   1.1366  ████████████
    20 |      L1Q1RZ0 |     2.3530 |   1.2138  ███████████
    21 |      L1Q0RZ2 |     0.0000 |   0.0000  
    22 |      L1Q1RZ2 |     0.0000 |   0.0000  
    23 |      L1Q2RZ2 |     0.0000 |   0.0000  
    24 |      L1Q3RZ2 |     0.0000 |   0.0000  

[2] Plotting importance comparison...
  Saved: importance_comparison.png

=======================================================
  Clean Adam — eff scoring
=======================================================

[pruned_8_eff] top-8: ['L0Q2RY1', 'L0Q0RY1', 'L0Q3RY1', 'L0Q1RY1', 'L0Q3RZ0', 'L0Q0RZ0']...
    step  100 | E = -1.543643
    step  200 | E = -1.994880
    step  300 | E = -2.000000
    step  400 | E = -2.000000
    step  500 | E = -2.000000
  → final E = -2.000000  |  5.6s

[pruned_12_eff] top-12: ['L0Q2RY1', 'L0Q0RY1', 'L0Q3RY1', 'L0Q1RY1', 'L0Q3RZ0', 'L0Q0RZ0']...
    step  100 | E = -1.409683
    step  200 | E = -1.953062
    step  300 | E = -1.999974
    step  400 | E = -2.000000
    step  500 | E = -2.000000
  → final E = -2.000000  |  6.0s

[pruned_16_eff] top-16: ['L0Q2RY1', 'L0Q0RY1', 'L0Q3RY1', 'L0Q1RY1', 'L0Q3RZ0', 'L0Q0RZ0']...
    step  100 | E = -2.261561
    step  200 | E = -3.997084
    step  300 | E = -4.000000
    step  400 | E = -4.000000
    step  500 | E = -4.000000
  → final E = -4.000000  |  7.3s

[pruned_20_eff] top-20: ['L0Q2RY1', 'L0Q0RY1', 'L0Q3RY1', 'L0Q1RY1', 'L0Q3RZ0', 'L0Q0RZ0']...
    step  100 | E = -1.760397
    step  200 | E = -1.999817
    step  300 | E = -1.999971
    step  400 | E = -1.999993
    step  500 | E = -1.999999
  → final E = -1.999999  |  8.7s

[pruned_24_eff] top-24: ['L0Q2RY1', 'L0Q0RY1', 'L0Q3RY1', 'L0Q1RY1', 'L0Q3RZ0', 'L0Q0RZ0']...
    step  100 | E = -1.760397
    step  200 | E = -1.999817
    step  300 | E = -1.999971
    step  400 | E = -1.999993
    step  500 | E = -1.999999
  → final E = -1.999999  |  8.8s

=======================================================
  Noise annealing experiments
=======================================================

[noise_full]
  schedule: [0.35, 0.2, 0.1, 0.05, 0.025, 0.015, 0.005, 0.0035, 0.0025, 0.0]

  Stage 1/10 | p=0.35 | adam(lr=0.01)
    converged step 210 | E=-1.999992 std=0.00014 Δ=0.00224
    done: steps=210 | E=-1.999992 | 6.3s

  Stage 2/10 | p=0.2 | adam(lr=0.01)
    converged step 50 | E=-2.000000 std=0.00000 Δ=0.00001
    done: steps=50 | E=-2.000000 | 1.5s

  Stage 3/10 | p=0.1 | adam(lr=0.01)
    converged step 50 | E=-2.000000 std=0.00000 Δ=0.00001
    done: steps=50 | E=-2.000000 | 1.5s

  Stage 4/10 | p=0.05 | adam(lr=0.01)
    converged step 50 | E=-2.000000 std=0.00000 Δ=0.00001
    done: steps=50 | E=-2.000000 | 1.5s

  Stage 5/10 | p=0.025 | adam(lr=0.01)
    converged step 50 | E=-2.000000 std=0.00000 Δ=0.00001
    done: steps=50 | E=-2.000000 | 1.5s

  Stage 6/10 | p=0.015 | adam(lr=0.01)
    converged step 50 | E=-2.000000 std=0.00000 Δ=0.00001
    done: steps=50 | E=-2.000000 | 1.5s

  Stage 7/10 | clean | adam(lr=0.01)
    converged step 50 | E=-1.999999 std=0.00000 Δ=0.00001
    done: steps=50 | E=-1.999999 | 0.7s

  Stage 8/10 | clean | adam(lr=0.01)
    converged step 50 | E=-1.999999 std=0.00000 Δ=0.00001
    done: steps=50 | E=-1.999999 | 0.7s

  Stage 9/10 | clean | adam(lr=0.01)
    converged step 50 | E=-2.000000 std=0.00000 Δ=0.00001
    done: steps=50 | E=-2.000000 | 0.7s

  Stage 10/10 | clean | adam(lr=0.01)
    converged step 50 | E=-1.999999 std=0.00000 Δ=0.00001
    done: steps=50 | E=-1.999999 | 0.7s

  total_steps=660 | final_E=-1.999999
  → final E = -1.999999  |  16.6s

[pruned_8_eff_noise] top-8: ['L0Q2RY1', 'L0Q0RY1', 'L0Q3RY1', 'L0Q1RY1', 'L0Q3RZ0', 'L0Q0RZ0']...
  active gates: 8 | schedule: [0.35, 0.2, 0.1, 0.05, 0.025, 0.015, 0.005, 0.0035, 0.0025, 0.0]

  Stage 1/10 | p=0.35
    converged step 260 | E=-1.999893 std=0.00010 Δ=0.00158
    done: steps=260 | E=-1.999893 | 4.0s

  Stage 2/10 | p=0.2
    converged step 50 | E=-2.000000 std=0.00000 Δ=0.00000
    done: steps=50 | E=-2.000000 | 0.8s

  Stage 3/10 | p=0.1
    converged step 50 | E=-2.000000 std=0.00000 Δ=0.00001
    done: steps=50 | E=-2.000000 | 0.8s

  Stage 4/10 | p=0.05
    converged step 50 | E=-2.000000 std=0.00000 Δ=0.00001
    done: steps=50 | E=-2.000000 | 0.7s

  Stage 5/10 | p=0.025
    converged step 50 | E=-2.000000 std=0.00000 Δ=0.00001
    done: steps=50 | E=-2.000000 | 0.8s

  Stage 6/10 | p=0.015
    converged step 50 | E=-2.000000 std=0.00000 Δ=0.00001
    done: steps=50 | E=-2.000000 | 0.8s

  Stage 7/10 | clean
    converged step 50 | E=-2.000000 std=0.00000 Δ=0.00001
    done: steps=50 | E=-2.000000 | 0.4s

  Stage 8/10 | clean
    converged step 50 | E=-2.000000 std=0.00000 Δ=0.00001
    done: steps=50 | E=-2.000000 | 0.4s

  Stage 9/10 | clean
    converged step 50 | E=-2.000000 std=0.00000 Δ=0.00001
    done: steps=50 | E=-2.000000 | 0.4s

  Stage 10/10 | clean
    converged step 50 | E=-2.000000 std=0.00000 Δ=0.00001
    done: steps=50 | E=-2.000000 | 0.4s

  total_steps=710 | final_E=-2.000000
  → final E = -2.000000  |  9.6s

[pruned_12_eff_noise] top-12: ['L0Q2RY1', 'L0Q0RY1', 'L0Q3RY1', 'L0Q1RY1', 'L0Q3RZ0', 'L0Q0RZ0']...
  active gates: 12 | schedule: [0.35, 0.2, 0.1, 0.05, 0.025, 0.015, 0.005, 0.0035, 0.0025, 0.0]

  Stage 1/10 | p=0.35
    converged step 200 | E=-1.999537 std=0.00036 Δ=0.00367
    done: steps=200 | E=-1.999537 | 3.8s

  Stage 2/10 | p=0.2
    converged step 50 | E=-1.999999 std=0.00000 Δ=0.00002
    done: steps=50 | E=-1.999999 | 1.0s

  Stage 3/10 | p=0.1
    converged step 50 | E=-2.000000 std=0.00000 Δ=0.00001
    done: steps=50 | E=-2.000000 | 1.0s

  Stage 4/10 | p=0.05
    converged step 50 | E=-2.000000 std=0.00000 Δ=0.00001
    done: steps=50 | E=-2.000000 | 0.9s

  Stage 5/10 | p=0.025
    converged step 50 | E=-2.000000 std=0.00000 Δ=0.00001
    done: steps=50 | E=-2.000000 | 1.0s

  Stage 6/10 | p=0.015
    converged step 50 | E=-1.999999 std=0.00000 Δ=0.00001
    done: steps=50 | E=-1.999999 | 0.9s

  Stage 7/10 | clean
    converged step 50 | E=-2.000000 std=0.00000 Δ=0.00001
    done: steps=50 | E=-2.000000 | 0.5s

  Stage 8/10 | clean
    converged step 50 | E=-1.999999 std=0.00000 Δ=0.00001
    done: steps=50 | E=-1.999999 | 0.5s

  Stage 9/10 | clean
    converged step 50 | E=-2.000000 std=0.00000 Δ=0.00001
    done: steps=50 | E=-2.000000 | 0.4s

  Stage 10/10 | clean
    converged step 50 | E=-1.999999 std=0.00000 Δ=0.00001
    done: steps=50 | E=-1.999999 | 0.5s

  total_steps=650 | final_E=-1.999999
  → final E = -1.999999  |  10.4s

[pruned_16_eff_noise] top-16: ['L0Q2RY1', 'L0Q0RY1', 'L0Q3RY1', 'L0Q1RY1', 'L0Q3RZ0', 'L0Q0RZ0']...
  active gates: 16 | schedule: [0.35, 0.2, 0.1, 0.05, 0.025, 0.015, 0.005, 0.0035, 0.0025, 0.0]

  Stage 1/10 | p=0.35
    converged step 200 | E=-1.999967 std=0.00003 Δ=0.00205
    done: steps=200 | E=-1.999967 | 4.5s

  Stage 2/10 | p=0.2
    converged step 50 | E=-2.000000 std=0.00000 Δ=0.00001
    done: steps=50 | E=-2.000000 | 1.1s

  Stage 3/10 | p=0.1
    converged step 50 | E=-2.000000 std=0.00000 Δ=0.00001
    done: steps=50 | E=-2.000000 | 1.2s

  Stage 4/10 | p=0.05
    converged step 50 | E=-1.999999 std=0.00000 Δ=0.00001
    done: steps=50 | E=-1.999999 | 1.1s

  Stage 5/10 | p=0.025
    converged step 50 | E=-2.000000 std=0.00000 Δ=0.00001
    done: steps=50 | E=-2.000000 | 1.2s

  Stage 6/10 | p=0.015
    converged step 50 | E=-1.999999 std=0.00000 Δ=0.00001
    done: steps=50 | E=-1.999999 | 1.2s

  Stage 7/10 | clean
    converged step 50 | E=-1.999999 std=0.00000 Δ=0.00001
    done: steps=50 | E=-1.999999 | 0.5s

  Stage 8/10 | clean
    converged step 50 | E=-1.999999 std=0.00000 Δ=0.00001
    done: steps=50 | E=-1.999999 | 0.5s

  Stage 9/10 | clean
    converged step 50 | E=-1.999999 std=0.00000 Δ=0.00001
    done: steps=50 | E=-1.999999 | 0.5s

  Stage 10/10 | clean
    converged step 50 | E=-2.000000 std=0.00000 Δ=0.00001
    done: steps=50 | E=-2.000000 | 0.5s

  total_steps=650 | final_E=-2.000000
  → final E = -2.000000  |  12.3s

[pruned_20_eff_noise] top-20: ['L0Q2RY1', 'L0Q0RY1', 'L0Q3RY1', 'L0Q1RY1', 'L0Q3RZ0', 'L0Q0RZ0']...
  active gates: 20 | schedule: [0.35, 0.2, 0.1, 0.05, 0.025, 0.015, 0.005, 0.0035, 0.0025, 0.0]

  Stage 1/10 | p=0.35
    converged step 200 | E=-1.999971 std=0.00005 Δ=0.00193
    done: steps=200 | E=-1.999971 | 5.4s

  Stage 2/10 | p=0.2
    converged step 50 | E=-2.000000 std=0.00000 Δ=0.00001
    done: steps=50 | E=-2.000000 | 1.4s

  Stage 3/10 | p=0.1
    converged step 50 | E=-2.000000 std=0.00000 Δ=0.00001
    done: steps=50 | E=-2.000000 | 1.3s

  Stage 4/10 | p=0.05
    converged step 50 | E=-1.999999 std=0.00000 Δ=0.00001
    done: steps=50 | E=-1.999999 | 1.3s

  Stage 5/10 | p=0.025
    converged step 50 | E=-2.000000 std=0.00000 Δ=0.00001
    done: steps=50 | E=-2.000000 | 1.3s

  Stage 6/10 | p=0.015
    converged step 50 | E=-1.999999 std=0.00000 Δ=0.00001
    done: steps=50 | E=-1.999999 | 1.4s

  Stage 7/10 | clean
    converged step 50 | E=-1.999999 std=0.00000 Δ=0.00001
    done: steps=50 | E=-1.999999 | 0.6s

  Stage 8/10 | clean
    converged step 50 | E=-1.999999 std=0.00000 Δ=0.00001
    done: steps=50 | E=-1.999999 | 0.6s

  Stage 9/10 | clean
    converged step 50 | E=-2.000000 std=0.00000 Δ=0.00001
    done: steps=50 | E=-2.000000 | 0.6s

  Stage 10/10 | clean
    converged step 50 | E=-2.000000 std=0.00000 Δ=0.00001
    done: steps=50 | E=-2.000000 | 0.6s

  total_steps=650 | final_E=-2.000000
  → final E = -2.000000  |  14.5s

[pruned_24_eff_noise] top-24: ['L0Q2RY1', 'L0Q0RY1', 'L0Q3RY1', 'L0Q1RY1', 'L0Q3RZ0', 'L0Q0RZ0']...
  active gates: 24 | schedule: [0.35, 0.2, 0.1, 0.05, 0.025, 0.015, 0.005, 0.0035, 0.0025, 0.0]

  Stage 1/10 | p=0.35
    converged step 200 | E=-1.999971 std=0.00005 Δ=0.00193
    done: steps=200 | E=-1.999971 | 5.9s

  Stage 2/10 | p=0.2
    converged step 50 | E=-2.000000 std=0.00000 Δ=0.00001
    done: steps=50 | E=-2.000000 | 1.4s

  Stage 3/10 | p=0.1
    converged step 50 | E=-2.000000 std=0.00000 Δ=0.00001
    done: steps=50 | E=-2.000000 | 1.4s

  Stage 4/10 | p=0.05
    converged step 50 | E=-1.999999 std=0.00000 Δ=0.00001
    done: steps=50 | E=-1.999999 | 1.4s

  Stage 5/10 | p=0.025
    converged step 50 | E=-2.000000 std=0.00000 Δ=0.00001
    done: steps=50 | E=-2.000000 | 1.5s

  Stage 6/10 | p=0.015
    converged step 50 | E=-1.999999 std=0.00000 Δ=0.00001
    done: steps=50 | E=-1.999999 | 1.5s

  Stage 7/10 | clean
    converged step 50 | E=-1.999999 std=0.00000 Δ=0.00001
    done: steps=50 | E=-1.999999 | 0.6s

  Stage 8/10 | clean
    converged step 50 | E=-1.999999 std=0.00000 Δ=0.00001
    done: steps=50 | E=-1.999999 | 0.6s

  Stage 9/10 | clean
    converged step 50 | E=-2.000000 std=0.00000 Δ=0.00001
    done: steps=50 | E=-2.000000 | 0.7s

  Stage 10/10 | clean
    converged step 50 | E=-2.000000 std=0.00000 Δ=0.00001
    done: steps=50 | E=-2.000000 | 0.6s

  total_steps=650 | final_E=-2.000000
  → final E = -2.000000  |  15.8s

[3] Plotting training comparison...
  Saved: training_comparison.png

=================================================================
                      experiment |    final E |    time
-----------------------------------------------------------------
                    pruned_8_eff |  -2.000000 |    5.6s
                   pruned_12_eff |  -2.000000 |    6.0s
                   pruned_16_eff |  -4.000000 |    7.3s
                   pruned_20_eff |  -1.999999 |    8.7s
                   pruned_24_eff |  -1.999999 |    8.8s
                      noise_full |  -1.999999 |   16.6s
              pruned_8_eff_noise |  -2.000000 |    9.6s
             pruned_12_eff_noise |  -1.999999 |   10.4s
             pruned_16_eff_noise |  -2.000000 |   12.3s
             pruned_20_eff_noise |  -2.000000 |   14.5s
             pruned_24_eff_noise |  -2.000000 |   15.8s
-----------------------------------------------------------------
                      global min |  -4.000000 |
  total: 116s
=================================================================

Results saved → /home/yujin/noise_assisted_annealing/pruning_260512/commutator_eff_YJ_260521/results/20260617_120936_seed477_avg50_ns0p5/
