============================================================
  commutator_eff importance scoring
  seed        : 477  (20260324_170741_seed477)
  scoring at  : 50 random param sets (averaged eff)
  n_avg       : 50
  noise_scale : 0.5
  init energy : 0.059033
  global min  : -4.000000
============================================================

[1] Computing averaged effective-Hamiltonian importance scores (50 param sets)...

  Effective score ranking:
  rank |        label |  eff score |      std
  ------------------------------------------
     1 |      L0Q2RY1 |     6.3322 |   0.5810  ███████████████████████████████
     2 |      L0Q0RY1 |     6.1983 |   0.5339  ██████████████████████████████
     3 |      L0Q3RY1 |     6.1546 |   0.5653  ██████████████████████████████
     4 |      L0Q1RY1 |     5.9345 |   0.3688  █████████████████████████████
     5 |      L0Q3RZ0 |     5.7565 |   1.2400  ████████████████████████████
     6 |      L0Q0RZ0 |     5.6651 |   0.7625  ████████████████████████████
     7 |      L1Q2RY1 |     5.6569 |   0.0000  ████████████████████████████
     8 |      L1Q3RY1 |     5.6569 |   0.0000  ████████████████████████████
     9 |      L0Q2RZ0 |     5.5531 |   0.9696  ███████████████████████████
    10 |      L0Q3RZ2 |     5.5130 |   1.7126  ███████████████████████████
    11 |      L0Q1RZ0 |     5.4559 |   0.5763  ███████████████████████████
    12 |      L0Q0RZ2 |     4.8207 |   1.1842  ████████████████████████
    13 |      L0Q1RZ2 |     4.8059 |   0.8682  ████████████████████████
    14 |      L0Q2RZ2 |     4.6245 |   1.4280  ███████████████████████
    15 |      L1Q0RY1 |     4.0000 |   0.0000  ████████████████████
    16 |      L1Q1RY1 |     4.0000 |   0.0000  ████████████████████
    17 |      L1Q3RZ0 |     3.7834 |   1.6115  ██████████████████
    18 |      L1Q2RZ0 |     3.7062 |   1.6369  ██████████████████
    19 |      L1Q0RZ0 |     2.5375 |   1.1366  ████████████
    20 |      L1Q1RZ0 |     2.3530 |   1.2138  ███████████
    21 |      L1Q0RZ2 |     0.0000 |   0.0000  
    22 |      L1Q1RZ2 |     0.0000 |   0.0000  
    23 |      L1Q2RZ2 |     0.0000 |   0.0000  
    24 |      L1Q3RZ2 |     0.0000 |   0.0000  

[2] Plotting importance comparison...
  Saved: importance_comparison.png

=======================================================
  Noise annealing experiments
=======================================================

[B-3] Selective noise experiments...

[selective_8_eff_noise] noise on top-8: ['L0Q2RY1', 'L0Q0RY1', 'L0Q3RY1', 'L0Q1RY1', 'L0Q3RZ0', 'L0Q0RZ0']...
  noisy gates: 8/24 | schedule: [0.35, 0.2, 0.1, 0.05, 0.025, 0.015, 0.005, 0.0035, 0.0025, 0.0]

  Stage 1/10 | p=0.35
    converged step 210 | E=-1.999879 std=0.00001 Δ=0.00060
    done: steps=210 | E=-1.999879 | 4.5s

  Stage 2/10 | p=0.2
    converged step 50 | E=-2.000000 std=0.00000 Δ=0.00001
    done: steps=50 | E=-2.000000 | 1.1s

  Stage 3/10 | p=0.1
    converged step 50 | E=-2.000000 std=0.00000 Δ=0.00001
    done: steps=50 | E=-2.000000 | 1.1s

  Stage 4/10 | p=0.05
    converged step 50 | E=-2.000000 std=0.00000 Δ=0.00001
    done: steps=50 | E=-2.000000 | 1.1s

  Stage 5/10 | p=0.025
    converged step 50 | E=-1.999999 std=0.00000 Δ=0.00001
    done: steps=50 | E=-1.999999 | 1.1s

  Stage 6/10 | p=0.015
    converged step 50 | E=-2.000000 std=0.00000 Δ=0.00001
    done: steps=50 | E=-2.000000 | 1.1s

  Stage 7/10 | clean
    converged step 50 | E=-1.999999 std=0.00000 Δ=0.00001
    done: steps=50 | E=-1.999999 | 0.6s

  Stage 8/10 | clean
    converged step 50 | E=-1.999999 std=0.00000 Δ=0.00001
    done: steps=50 | E=-1.999999 | 0.6s

  Stage 9/10 | clean
    converged step 50 | E=-1.999999 std=0.00000 Δ=0.00001
    done: steps=50 | E=-1.999999 | 0.6s

  Stage 10/10 | clean
    converged step 50 | E=-2.000000 std=0.00000 Δ=0.00001
    done: steps=50 | E=-2.000000 | 0.6s

  total_steps=660 | final_E=-2.000000
  → final E = -2.000000  |  12.4s

[selective_12_eff_noise] noise on top-12: ['L0Q2RY1', 'L0Q0RY1', 'L0Q3RY1', 'L0Q1RY1', 'L0Q3RZ0', 'L0Q0RZ0']...
  noisy gates: 12/24 | schedule: [0.35, 0.2, 0.1, 0.05, 0.025, 0.015, 0.005, 0.0035, 0.0025, 0.0]

  Stage 1/10 | p=0.35
    converged step 210 | E=-1.999913 std=0.00003 Δ=0.00336
    done: steps=210 | E=-1.999913 | 4.8s

  Stage 2/10 | p=0.2
    converged step 50 | E=-1.999999 std=0.00000 Δ=0.00001
    done: steps=50 | E=-1.999999 | 1.2s

  Stage 3/10 | p=0.1
    converged step 50 | E=-2.000000 std=0.00000 Δ=0.00001
    done: steps=50 | E=-2.000000 | 1.2s

  Stage 4/10 | p=0.05
    converged step 50 | E=-1.999999 std=0.00000 Δ=0.00001
    done: steps=50 | E=-1.999999 | 1.2s

  Stage 5/10 | p=0.025
    converged step 50 | E=-2.000000 std=0.00000 Δ=0.00001
    done: steps=50 | E=-2.000000 | 1.2s

  Stage 6/10 | p=0.015
    converged step 50 | E=-1.999999 std=0.00000 Δ=0.00001
    done: steps=50 | E=-1.999999 | 1.1s

  Stage 7/10 | clean
    converged step 50 | E=-2.000000 std=0.00000 Δ=0.00001
    done: steps=50 | E=-2.000000 | 0.6s

  Stage 8/10 | clean
    converged step 50 | E=-1.999999 std=0.00000 Δ=0.00001
    done: steps=50 | E=-1.999999 | 0.6s

  Stage 9/10 | clean
    converged step 50 | E=-1.999999 std=0.00000 Δ=0.00001
    done: steps=50 | E=-1.999999 | 0.6s

  Stage 10/10 | clean
    converged step 50 | E=-2.000000 std=0.00000 Δ=0.00001
    done: steps=50 | E=-2.000000 | 0.6s

  total_steps=660 | final_E=-2.000000
  → final E = -2.000000  |  13.0s

[selective_16_eff_noise] noise on top-16: ['L0Q2RY1', 'L0Q0RY1', 'L0Q3RY1', 'L0Q1RY1', 'L0Q3RZ0', 'L0Q0RZ0']...
  noisy gates: 16/24 | schedule: [0.35, 0.2, 0.1, 0.05, 0.025, 0.015, 0.005, 0.0035, 0.0025, 0.0]

  Stage 1/10 | p=0.35
    converged step 190 | E=-1.999977 std=0.00032 Δ=0.00475
    done: steps=190 | E=-1.999977 | 4.6s

  Stage 2/10 | p=0.2
    converged step 50 | E=-2.000000 std=0.00000 Δ=0.00001
    done: steps=50 | E=-2.000000 | 1.2s

  Stage 3/10 | p=0.1
    converged step 50 | E=-2.000000 std=0.00000 Δ=0.00001
    done: steps=50 | E=-2.000000 | 1.2s

  Stage 4/10 | p=0.05
    converged step 50 | E=-2.000000 std=0.00000 Δ=0.00001
    done: steps=50 | E=-2.000000 | 1.2s

  Stage 5/10 | p=0.025
    converged step 50 | E=-2.000000 std=0.00000 Δ=0.00001
    done: steps=50 | E=-2.000000 | 1.2s

  Stage 6/10 | p=0.015
    converged step 50 | E=-2.000000 std=0.00000 Δ=0.00001
    done: steps=50 | E=-2.000000 | 1.2s

  Stage 7/10 | clean
    converged step 50 | E=-1.999999 std=0.00000 Δ=0.00001
    done: steps=50 | E=-1.999999 | 0.6s

  Stage 8/10 | clean
    converged step 50 | E=-1.999999 std=0.00000 Δ=0.00001
    done: steps=50 | E=-1.999999 | 0.6s

  Stage 9/10 | clean
    converged step 50 | E=-1.999999 std=0.00000 Δ=0.00001
    done: steps=50 | E=-1.999999 | 0.6s

  Stage 10/10 | clean
    converged step 50 | E=-2.000000 std=0.00000 Δ=0.00001
    done: steps=50 | E=-2.000000 | 0.6s

  total_steps=640 | final_E=-2.000000
  → final E = -2.000000  |  13.0s

[selective_20_eff_noise] noise on top-20: ['L0Q2RY1', 'L0Q0RY1', 'L0Q3RY1', 'L0Q1RY1', 'L0Q3RZ0', 'L0Q0RZ0']...
  noisy gates: 20/24 | schedule: [0.35, 0.2, 0.1, 0.05, 0.025, 0.015, 0.005, 0.0035, 0.0025, 0.0]

  Stage 1/10 | p=0.35
    converged step 200 | E=-1.999971 std=0.00005 Δ=0.00193
    done: steps=200 | E=-1.999971 | 5.0s

  Stage 2/10 | p=0.2
    converged step 50 | E=-2.000000 std=0.00000 Δ=0.00001
    done: steps=50 | E=-2.000000 | 1.2s

  Stage 3/10 | p=0.1
    converged step 50 | E=-2.000000 std=0.00000 Δ=0.00001
    done: steps=50 | E=-2.000000 | 1.2s

  Stage 4/10 | p=0.05
    converged step 50 | E=-1.999999 std=0.00000 Δ=0.00001
    done: steps=50 | E=-1.999999 | 1.3s

  Stage 5/10 | p=0.025
    converged step 50 | E=-2.000000 std=0.00000 Δ=0.00001
    done: steps=50 | E=-2.000000 | 1.2s

  Stage 6/10 | p=0.015
    converged step 50 | E=-1.999999 std=0.00000 Δ=0.00001
    done: steps=50 | E=-1.999999 | 1.3s

  Stage 7/10 | clean
    converged step 50 | E=-1.999999 std=0.00000 Δ=0.00001
    done: steps=50 | E=-1.999999 | 0.6s

  Stage 8/10 | clean
    converged step 50 | E=-1.999999 std=0.00000 Δ=0.00001
    done: steps=50 | E=-1.999999 | 0.6s

  Stage 9/10 | clean
    converged step 50 | E=-2.000000 std=0.00000 Δ=0.00001
    done: steps=50 | E=-2.000000 | 0.6s

  Stage 10/10 | clean
    converged step 50 | E=-2.000000 std=0.00000 Δ=0.00001
    done: steps=50 | E=-2.000000 | 0.6s

  total_steps=650 | final_E=-2.000000
  → final E = -2.000000  |  13.7s

[selective_24_eff_noise] noise on top-24: ['L0Q2RY1', 'L0Q0RY1', 'L0Q3RY1', 'L0Q1RY1', 'L0Q3RZ0', 'L0Q0RZ0']...
  noisy gates: 24/24 | schedule: [0.35, 0.2, 0.1, 0.05, 0.025, 0.015, 0.005, 0.0035, 0.0025, 0.0]

  Stage 1/10 | p=0.35
    converged step 200 | E=-1.999971 std=0.00005 Δ=0.00193
    done: steps=200 | E=-1.999971 | 5.3s

  Stage 2/10 | p=0.2
    converged step 50 | E=-2.000000 std=0.00000 Δ=0.00001
    done: steps=50 | E=-2.000000 | 1.4s

  Stage 3/10 | p=0.1
    converged step 50 | E=-2.000000 std=0.00000 Δ=0.00001
    done: steps=50 | E=-2.000000 | 1.3s

  Stage 4/10 | p=0.05
    converged step 50 | E=-1.999999 std=0.00000 Δ=0.00001
    done: steps=50 | E=-1.999999 | 1.3s

  Stage 5/10 | p=0.025
    converged step 50 | E=-2.000000 std=0.00000 Δ=0.00001
    done: steps=50 | E=-2.000000 | 1.3s

  Stage 6/10 | p=0.015
    converged step 50 | E=-1.999999 std=0.00000 Δ=0.00001
    done: steps=50 | E=-1.999999 | 1.3s

  Stage 7/10 | clean
    converged step 50 | E=-1.999999 std=0.00000 Δ=0.00001
    done: steps=50 | E=-1.999999 | 0.6s

  Stage 8/10 | clean
    converged step 50 | E=-1.999999 std=0.00000 Δ=0.00001
    done: steps=50 | E=-1.999999 | 0.6s

  Stage 9/10 | clean
    converged step 50 | E=-2.000000 std=0.00000 Δ=0.00001
    done: steps=50 | E=-2.000000 | 0.6s

  Stage 10/10 | clean
    converged step 50 | E=-2.000000 std=0.00000 Δ=0.00001
    done: steps=50 | E=-2.000000 | 0.6s

  total_steps=650 | final_E=-2.000000
  → final E = -2.000000  |  14.2s

[3] Plotting training comparison...
  Saved: training_comparison.png

=================================================================
                      experiment |    final E |    time
-----------------------------------------------------------------
           selective_8_eff_noise |  -2.000000 |   12.4s
          selective_12_eff_noise |  -2.000000 |   13.0s
          selective_16_eff_noise |  -2.000000 |   13.0s
          selective_20_eff_noise |  -2.000000 |   13.7s
          selective_24_eff_noise |  -2.000000 |   14.2s
-----------------------------------------------------------------
                      global min |  -4.000000 |
  total: 66s
=================================================================

Results saved → /home/yujin/noise_assisted_annealing/pruning_260512/commutator_eff_YJ_260521/results/20260617_144447_seed477_avg50_ns0p5_sel/
