============================================================
  commutator_eff importance scoring
  seed        : 477  (20260324_170741_seed477)
  scoring at  : 50 random param sets (averaged eff)
  n_avg       : 50
  init energy : 0.059033
  global min  : -4.000000
============================================================

[1] Computing averaged effective-Hamiltonian importance scores (50 param sets)...

  Effective score ranking:
  rank |        label |  eff score |      std
  ------------------------------------------
     1 |      L0Q2RY1 |     6.3322 |   0.5810  ███████████████████████████████
     2 |      L0Q0RY1 |     6.1983 |   0.5339  ██████████████████████████████
     3 |      L0Q3RY1 |     6.1546 |   0.5653  ██████████████████████████████
     4 |      L0Q1RY1 |     5.9345 |   0.3688  █████████████████████████████
     5 |      L0Q3RZ0 |     5.7565 |   1.2400  ████████████████████████████
     6 |      L0Q0RZ0 |     5.6651 |   0.7625  ████████████████████████████
     7 |      L1Q2RY1 |     5.6569 |   0.0000  ████████████████████████████
     8 |      L1Q3RY1 |     5.6569 |   0.0000  ████████████████████████████
     9 |      L0Q2RZ0 |     5.5531 |   0.9696  ███████████████████████████
    10 |      L0Q3RZ2 |     5.5130 |   1.7126  ███████████████████████████
    11 |      L0Q1RZ0 |     5.4559 |   0.5763  ███████████████████████████
    12 |      L0Q0RZ2 |     4.8207 |   1.1842  ████████████████████████
    13 |      L0Q1RZ2 |     4.8059 |   0.8682  ████████████████████████
    14 |      L0Q2RZ2 |     4.6245 |   1.4280  ███████████████████████
    15 |      L1Q0RY1 |     4.0000 |   0.0000  ████████████████████
    16 |      L1Q1RY1 |     4.0000 |   0.0000  ████████████████████
    17 |      L1Q3RZ0 |     3.7834 |   1.6115  ██████████████████
    18 |      L1Q2RZ0 |     3.7062 |   1.6369  ██████████████████
    19 |      L1Q0RZ0 |     2.5375 |   1.1366  ████████████
    20 |      L1Q1RZ0 |     2.3530 |   1.2138  ███████████
    21 |      L1Q0RZ2 |     0.0000 |   0.0000  
    22 |      L1Q1RZ2 |     0.0000 |   0.0000  
    23 |      L1Q2RZ2 |     0.0000 |   0.0000  
    24 |      L1Q3RZ2 |     0.0000 |   0.0000  

[2] Plotting importance comparison...
  Saved: importance_comparison.png

=======================================================
  Clean Adam — eff scoring
=======================================================

[pruned_8_eff] top-8: ['L0Q2RY1', 'L0Q0RY1', 'L0Q3RY1', 'L0Q1RY1', 'L0Q3RZ0', 'L0Q0RZ0']...
    step  100 | E = -1.543643
    step  200 | E = -1.994880
    step  300 | E = -2.000000
    step  400 | E = -2.000000
    step  500 | E = -2.000000
  → final E = -2.000000  |  4.8s

[pruned_12_eff] top-12: ['L0Q2RY1', 'L0Q0RY1', 'L0Q3RY1', 'L0Q1RY1', 'L0Q3RZ0', 'L0Q0RZ0']...
    step  100 | E = -1.409683
    step  200 | E = -1.953062
    step  300 | E = -1.999974
    step  400 | E = -2.000000
    step  500 | E = -2.000000
  → final E = -2.000000  |  5.2s

[pruned_16_eff] top-16: ['L0Q2RY1', 'L0Q0RY1', 'L0Q3RY1', 'L0Q1RY1', 'L0Q3RZ0', 'L0Q0RZ0']...
    step  100 | E = -2.261561
    step  200 | E = -3.997084
    step  300 | E = -4.000000
    step  400 | E = -4.000000
    step  500 | E = -4.000000
  → final E = -4.000000  |  6.3s

[pruned_20_eff] top-20: ['L0Q2RY1', 'L0Q0RY1', 'L0Q3RY1', 'L0Q1RY1', 'L0Q3RZ0', 'L0Q0RZ0']...
    step  100 | E = -1.760397
    step  200 | E = -1.999817
    step  300 | E = -1.999971
    step  400 | E = -1.999993
    step  500 | E = -1.999999
  → final E = -1.999999  |  7.3s

[pruned_24_eff] top-24: ['L0Q2RY1', 'L0Q0RY1', 'L0Q3RY1', 'L0Q1RY1', 'L0Q3RZ0', 'L0Q0RZ0']...
    step  100 | E = -1.760397
    step  200 | E = -1.999817
    step  300 | E = -1.999971
    step  400 | E = -1.999993
    step  500 | E = -1.999999
  → final E = -1.999999  |  7.6s

=======================================================
  Noise annealing experiments
=======================================================

[noise_full]
  schedule: [0.7, 0.4, 0.2, 0.1, 0.05, 0.03, 0.01, 0.007, 0.005, 0.0]

  Stage 1/10 | p=0.7 | adam(lr=0.01)
    converged step 290 | E=-3.999279 std=0.00043 Δ=0.00355
    done: steps=290 | E=-3.999279 | 7.3s

  Stage 2/10 | p=0.4 | adam(lr=0.01)
    converged step 50 | E=-3.999997 std=0.00000 Δ=0.00001
    done: steps=50 | E=-3.999997 | 1.3s

  Stage 3/10 | p=0.2 | adam(lr=0.01)
    converged step 50 | E=-4.000000 std=0.00000 Δ=0.00003
    done: steps=50 | E=-4.000000 | 1.3s

  Stage 4/10 | p=0.1 | adam(lr=0.01)
    converged step 50 | E=-4.000000 std=0.00000 Δ=0.00003
    done: steps=50 | E=-4.000000 | 1.2s

  Stage 5/10 | p=0.05 | adam(lr=0.01)
    converged step 50 | E=-4.000000 std=0.00000 Δ=0.00002
    done: steps=50 | E=-4.000000 | 1.2s

  Stage 6/10 | p=0.03 | adam(lr=0.01)
    converged step 50 | E=-4.000000 std=0.00000 Δ=0.00003
    done: steps=50 | E=-4.000000 | 1.3s

  Stage 7/10 | p=0.01 | adam(lr=0.01)
    converged step 50 | E=-4.000000 std=0.00000 Δ=0.00002
    done: steps=50 | E=-4.000000 | 1.3s

  Stage 8/10 | p=0.007 | adam(lr=0.01)
    converged step 50 | E=-4.000000 std=0.00000 Δ=0.00003
    done: steps=50 | E=-4.000000 | 1.2s

  Stage 9/10 | clean | adam(lr=0.01)
    converged step 50 | E=-4.000000 std=0.00000 Δ=0.00003
    done: steps=50 | E=-4.000000 | 0.6s

  Stage 10/10 | clean | adam(lr=0.01)
    converged step 50 | E=-4.000000 std=0.00000 Δ=0.00003
    done: steps=50 | E=-4.000000 | 0.6s

  total_steps=740 | final_E=-4.000000
  → final E = -4.000000  |  17.4s

[pruned_8_eff_noise] top-8: ['L0Q2RY1', 'L0Q0RY1', 'L0Q3RY1', 'L0Q1RY1', 'L0Q3RZ0', 'L0Q0RZ0']...
  active gates: 8 | schedule: [0.7, 0.4, 0.2, 0.1, 0.05, 0.03, 0.01, 0.007, 0.005, 0.0]

  Stage 1/10 | p=0.7
    converged step 180 | E=1.999625 std=0.00034 Δ=0.00367
    done: steps=180 | E=1.999625 | 2.4s

  Stage 2/10 | p=0.4
    converged step 250 | E=-1.995101 std=0.00077 Δ=0.00404
    done: steps=250 | E=-1.995101 | 3.4s

  Stage 3/10 | p=0.2
    converged step 50 | E=-1.999984 std=0.00001 Δ=0.00011
    done: steps=50 | E=-1.999984 | 0.7s

  Stage 4/10 | p=0.1
    converged step 50 | E=-2.000000 std=0.00000 Δ=0.00001
    done: steps=50 | E=-2.000000 | 0.7s

  Stage 5/10 | p=0.05
    converged step 50 | E=-2.000000 std=0.00000 Δ=0.00001
    done: steps=50 | E=-2.000000 | 0.6s

  Stage 6/10 | p=0.03
    converged step 50 | E=-2.000000 std=0.00000 Δ=0.00001
    done: steps=50 | E=-2.000000 | 0.7s

  Stage 7/10 | p=0.01
    converged step 50 | E=-2.000000 std=0.00000 Δ=0.00001
    done: steps=50 | E=-2.000000 | 0.7s

  Stage 8/10 | p=0.007
    converged step 50 | E=-1.999999 std=0.00000 Δ=0.00001
    done: steps=50 | E=-1.999999 | 0.7s

  Stage 9/10 | clean
    converged step 50 | E=-2.000000 std=0.00000 Δ=0.00001
    done: steps=50 | E=-2.000000 | 0.4s

  Stage 10/10 | clean
    converged step 50 | E=-1.999999 std=0.00000 Δ=0.00001
    done: steps=50 | E=-1.999999 | 0.3s

  total_steps=830 | final_E=-1.999999
  → final E = -1.999999  |  10.5s

[pruned_12_eff_noise] top-12: ['L0Q2RY1', 'L0Q0RY1', 'L0Q3RY1', 'L0Q1RY1', 'L0Q3RZ0', 'L0Q0RZ0']...
  active gates: 12 | schedule: [0.7, 0.4, 0.2, 0.1, 0.05, 0.03, 0.01, 0.007, 0.005, 0.0]

  Stage 1/10 | p=0.7
    converged step 180 | E=1.999632 std=0.00029 Δ=0.00305
    done: steps=180 | E=1.999632 | 2.9s

  Stage 2/10 | p=0.4
    converged step 490 | E=-3.998539 std=0.00150 Δ=0.00442
    done: steps=490 | E=-3.998539 | 8.0s

  Stage 3/10 | p=0.2
    converged step 50 | E=-3.999999 std=0.00000 Δ=0.00004
    done: steps=50 | E=-3.999999 | 0.8s

  Stage 4/10 | p=0.1
    converged step 50 | E=-3.999999 std=0.00000 Δ=0.00002
    done: steps=50 | E=-3.999999 | 0.8s

  Stage 5/10 | p=0.05
    converged step 50 | E=-3.999999 std=0.00000 Δ=0.00002
    done: steps=50 | E=-3.999999 | 0.8s

  Stage 6/10 | p=0.03
    converged step 50 | E=-3.999999 std=0.00000 Δ=0.00002
    done: steps=50 | E=-3.999999 | 0.8s

  Stage 7/10 | p=0.01
    converged step 50 | E=-3.999999 std=0.00000 Δ=0.00002
    done: steps=50 | E=-3.999999 | 0.8s

  Stage 8/10 | p=0.007
    converged step 50 | E=-3.999999 std=0.00000 Δ=0.00002
    done: steps=50 | E=-3.999999 | 0.8s

  Stage 9/10 | clean
    converged step 50 | E=-3.999999 std=0.00000 Δ=0.00002
    done: steps=50 | E=-3.999999 | 0.4s

  Stage 10/10 | clean
    converged step 50 | E=-3.999999 std=0.00000 Δ=0.00002
    done: steps=50 | E=-3.999999 | 0.4s

  total_steps=1070 | final_E=-3.999999
  → final E = -3.999999  |  16.5s

[pruned_16_eff_noise] top-16: ['L0Q2RY1', 'L0Q0RY1', 'L0Q3RY1', 'L0Q1RY1', 'L0Q3RZ0', 'L0Q0RZ0']...
  active gates: 16 | schedule: [0.7, 0.4, 0.2, 0.1, 0.05, 0.03, 0.01, 0.007, 0.005, 0.0]

  Stage 1/10 | p=0.7
    converged step 260 | E=-3.999357 std=0.00035 Δ=0.00308
    done: steps=260 | E=-3.999357 | 5.1s

  Stage 2/10 | p=0.4
    converged step 50 | E=-3.999998 std=0.00000 Δ=0.00004
    done: steps=50 | E=-3.999998 | 1.0s

  Stage 3/10 | p=0.2
    converged step 50 | E=-3.999999 std=0.00000 Δ=0.00003
    done: steps=50 | E=-3.999999 | 1.0s

  Stage 4/10 | p=0.1
    converged step 50 | E=-3.999999 std=0.00000 Δ=0.00003
    done: steps=50 | E=-3.999999 | 1.0s

  Stage 5/10 | p=0.05
    converged step 50 | E=-3.999999 std=0.00000 Δ=0.00002
    done: steps=50 | E=-3.999999 | 1.0s

  Stage 6/10 | p=0.03
    converged step 50 | E=-3.999999 std=0.00000 Δ=0.00003
    done: steps=50 | E=-3.999999 | 1.0s

  Stage 7/10 | p=0.01
    converged step 50 | E=-3.999999 std=0.00000 Δ=0.00002
    done: steps=50 | E=-3.999999 | 1.0s

  Stage 8/10 | p=0.007
    converged step 50 | E=-3.999999 std=0.00000 Δ=0.00003
    done: steps=50 | E=-3.999999 | 1.0s

  Stage 9/10 | clean
    converged step 50 | E=-3.999999 std=0.00000 Δ=0.00002
    done: steps=50 | E=-3.999999 | 0.5s

  Stage 10/10 | clean
    converged step 50 | E=-3.999999 std=0.00000 Δ=0.00003
    done: steps=50 | E=-3.999999 | 0.4s

  total_steps=710 | final_E=-3.999999
  → final E = -3.999999  |  13.0s

[pruned_20_eff_noise] top-20: ['L0Q2RY1', 'L0Q0RY1', 'L0Q3RY1', 'L0Q1RY1', 'L0Q3RZ0', 'L0Q0RZ0']...
  active gates: 20 | schedule: [0.7, 0.4, 0.2, 0.1, 0.05, 0.03, 0.01, 0.007, 0.005, 0.0]

  Stage 1/10 | p=0.7
    converged step 260 | E=-3.999091 std=0.00045 Δ=0.00370
    done: steps=260 | E=-3.999091 | 6.0s

  Stage 2/10 | p=0.4
    converged step 50 | E=-3.999999 std=0.00000 Δ=0.00004
    done: steps=50 | E=-3.999999 | 1.1s

  Stage 3/10 | p=0.2
    converged step 50 | E=-3.999999 std=0.00000 Δ=0.00003
    done: steps=50 | E=-3.999999 | 1.1s

  Stage 4/10 | p=0.1
    converged step 50 | E=-3.999999 std=0.00000 Δ=0.00003
    done: steps=50 | E=-3.999999 | 1.2s

  Stage 5/10 | p=0.05
    converged step 50 | E=-3.999999 std=0.00000 Δ=0.00002
    done: steps=50 | E=-3.999999 | 1.2s

  Stage 6/10 | p=0.03
    converged step 50 | E=-3.999999 std=0.00000 Δ=0.00003
    done: steps=50 | E=-3.999999 | 1.2s

  Stage 7/10 | p=0.01
    converged step 50 | E=-3.999999 std=0.00000 Δ=0.00002
    done: steps=50 | E=-3.999999 | 1.2s

  Stage 8/10 | p=0.007
    converged step 50 | E=-3.999999 std=0.00000 Δ=0.00003
    done: steps=50 | E=-3.999999 | 1.1s

  Stage 9/10 | clean
    converged step 50 | E=-3.999999 std=0.00000 Δ=0.00002
    done: steps=50 | E=-3.999999 | 0.5s

  Stage 10/10 | clean
    converged step 50 | E=-3.999999 std=0.00000 Δ=0.00003
    done: steps=50 | E=-3.999999 | 0.5s

  total_steps=710 | final_E=-3.999999
  → final E = -3.999999  |  15.1s

[pruned_24_eff_noise] top-24: ['L0Q2RY1', 'L0Q0RY1', 'L0Q3RY1', 'L0Q1RY1', 'L0Q3RZ0', 'L0Q0RZ0']...
  active gates: 24 | schedule: [0.7, 0.4, 0.2, 0.1, 0.05, 0.03, 0.01, 0.007, 0.005, 0.0]

  Stage 1/10 | p=0.7
    converged step 260 | E=-3.999091 std=0.00045 Δ=0.00370
    done: steps=260 | E=-3.999091 | 6.6s

  Stage 2/10 | p=0.4
    converged step 50 | E=-3.999999 std=0.00000 Δ=0.00004
    done: steps=50 | E=-3.999999 | 1.3s

  Stage 3/10 | p=0.2
    converged step 50 | E=-3.999999 std=0.00000 Δ=0.00003
    done: steps=50 | E=-3.999999 | 1.2s

  Stage 4/10 | p=0.1
    converged step 50 | E=-3.999999 std=0.00000 Δ=0.00003
    done: steps=50 | E=-3.999999 | 1.3s

  Stage 5/10 | p=0.05
    converged step 50 | E=-3.999999 std=0.00000 Δ=0.00002
    done: steps=50 | E=-3.999999 | 1.3s

  Stage 6/10 | p=0.03
    converged step 50 | E=-3.999999 std=0.00000 Δ=0.00003
    done: steps=50 | E=-3.999999 | 1.3s

  Stage 7/10 | p=0.01
    converged step 50 | E=-3.999999 std=0.00000 Δ=0.00002
    done: steps=50 | E=-3.999999 | 1.3s

  Stage 8/10 | p=0.007
    converged step 50 | E=-3.999999 std=0.00000 Δ=0.00003
    done: steps=50 | E=-3.999999 | 1.3s

  Stage 9/10 | clean
    converged step 50 | E=-3.999999 std=0.00000 Δ=0.00002
    done: steps=50 | E=-3.999999 | 0.6s

  Stage 10/10 | clean
    converged step 50 | E=-3.999999 std=0.00000 Δ=0.00003
    done: steps=50 | E=-3.999999 | 0.5s

  total_steps=710 | final_E=-3.999999
  → final E = -3.999999  |  16.6s

[3] Plotting training comparison...
