============================================================
  commutator_eff importance scoring
  seed        : 477  (20260324_170741_seed477)
  scoring at  : 50 random param sets (averaged eff)
  n_avg       : 50
  noise_scale : 1.0
  init energy : 0.059033
  global min  : -4.000000
============================================================

[1] Computing averaged effective-Hamiltonian importance scores (50 param sets)...

  Effective score ranking:
  rank |        label |  eff score |      std
  ------------------------------------------
     1 |      L0Q2RY1 |     6.3322 |   0.5810  ███████████████████████████████
     2 |      L0Q0RY1 |     6.1983 |   0.5339  ██████████████████████████████
     3 |      L0Q3RY1 |     6.1546 |   0.5653  ██████████████████████████████
     4 |      L0Q1RY1 |     5.9345 |   0.3688  █████████████████████████████
     5 |      L0Q3RZ0 |     5.7565 |   1.2400  ████████████████████████████
     6 |      L0Q0RZ0 |     5.6651 |   0.7625  ████████████████████████████
     7 |      L1Q2RY1 |     5.6569 |   0.0000  ████████████████████████████
     8 |      L1Q3RY1 |     5.6569 |   0.0000  ████████████████████████████
     9 |      L0Q2RZ0 |     5.5531 |   0.9696  ███████████████████████████
    10 |      L0Q3RZ2 |     5.5130 |   1.7126  ███████████████████████████
    11 |      L0Q1RZ0 |     5.4559 |   0.5763  ███████████████████████████
    12 |      L0Q0RZ2 |     4.8207 |   1.1842  ████████████████████████
    13 |      L0Q1RZ2 |     4.8059 |   0.8682  ████████████████████████
    14 |      L0Q2RZ2 |     4.6245 |   1.4280  ███████████████████████
    15 |      L1Q0RY1 |     4.0000 |   0.0000  ████████████████████
    16 |      L1Q1RY1 |     4.0000 |   0.0000  ████████████████████
    17 |      L1Q3RZ0 |     3.7834 |   1.6115  ██████████████████
    18 |      L1Q2RZ0 |     3.7062 |   1.6369  ██████████████████
    19 |      L1Q0RZ0 |     2.5375 |   1.1366  ████████████
    20 |      L1Q1RZ0 |     2.3530 |   1.2138  ███████████
    21 |      L1Q0RZ2 |     0.0000 |   0.0000  
    22 |      L1Q1RZ2 |     0.0000 |   0.0000  
    23 |      L1Q2RZ2 |     0.0000 |   0.0000  
    24 |      L1Q3RZ2 |     0.0000 |   0.0000  

[2] Plotting importance comparison...
  Saved: importance_comparison.png

=======================================================
  Clean Adam — eff scoring
=======================================================

=======================================================
  Noise annealing experiments
=======================================================

[B-4] Inverse selective noise (noise on non-important gates)...

[inv_sel_8_eff_noise] noise on bottom-16 (non-top-8): ['L0Q2RZ0', 'L0Q3RZ2', 'L0Q1RZ0', 'L0Q0RZ2']...
  noisy gates: 16/24 | schedule: [0.7, 0.4, 0.2, 0.1, 0.05, 0.03, 0.01, 0.007, 0.005, 0.0]

  Stage 1/10 | p=0.7
    converged step 150 | E=-0.000040 std=0.00019 Δ=0.00416
    done: steps=150 | E=-0.000040 | 3.6s

  Stage 2/10 | p=0.4
    converged step 340 | E=-3.997401 std=0.00067 Δ=0.00408
    done: steps=340 | E=-3.997401 | 8.2s

  Stage 3/10 | p=0.2
    converged step 50 | E=-3.999991 std=0.00000 Δ=0.00002
    done: steps=50 | E=-3.999991 | 1.2s

  Stage 4/10 | p=0.1
    converged step 50 | E=-3.999999 std=0.00000 Δ=0.00002
    done: steps=50 | E=-3.999999 | 1.2s

  Stage 5/10 | p=0.05
    converged step 50 | E=-3.999999 std=0.00000 Δ=0.00003
    done: steps=50 | E=-3.999999 | 1.2s

  Stage 6/10 | p=0.03
    converged step 50 | E=-3.999999 std=0.00000 Δ=0.00002
    done: steps=50 | E=-3.999999 | 1.2s

  Stage 7/10 | p=0.01
    converged step 50 | E=-3.999999 std=0.00000 Δ=0.00003
    done: steps=50 | E=-3.999999 | 1.2s

  Stage 8/10 | p=0.007
    converged step 50 | E=-3.999998 std=0.00000 Δ=0.00002
    done: steps=50 | E=-3.999998 | 1.2s

  Stage 9/10 | clean
    converged step 50 | E=-3.999999 std=0.00000 Δ=0.00003
    done: steps=50 | E=-3.999999 | 0.6s

  Stage 10/10 | clean
    converged step 50 | E=-3.999999 std=0.00000 Δ=0.00002
    done: steps=50 | E=-3.999999 | 0.5s

  total_steps=890 | final_E=-3.999999
  → final E = -3.999999  |  20.2s

[inv_sel_12_eff_noise] noise on bottom-12 (non-top-12): ['L0Q1RZ2', 'L0Q2RZ2', 'L1Q0RY1', 'L1Q1RY1']...
  noisy gates: 12/24 | schedule: [0.7, 0.4, 0.2, 0.1, 0.05, 0.03, 0.01, 0.007, 0.005, 0.0]

  Stage 1/10 | p=0.7
    converged step 150 | E=-0.000033 std=0.00018 Δ=0.00396
    done: steps=150 | E=-0.000033 | 3.5s

  Stage 2/10 | p=0.4
    converged step 340 | E=-3.997402 std=0.00067 Δ=0.00408
    done: steps=340 | E=-3.997402 | 7.8s

  Stage 3/10 | p=0.2
    converged step 50 | E=-3.999991 std=0.00001 Δ=0.00002
    done: steps=50 | E=-3.999991 | 1.1s

  Stage 4/10 | p=0.1
    converged step 50 | E=-3.999999 std=0.00000 Δ=0.00002
    done: steps=50 | E=-3.999999 | 1.1s

  Stage 5/10 | p=0.05
    converged step 50 | E=-3.999999 std=0.00000 Δ=0.00003
    done: steps=50 | E=-3.999999 | 1.1s

  Stage 6/10 | p=0.03
    converged step 50 | E=-3.999999 std=0.00000 Δ=0.00002
    done: steps=50 | E=-3.999999 | 1.1s

  Stage 7/10 | p=0.01
    converged step 50 | E=-3.999999 std=0.00000 Δ=0.00003
    done: steps=50 | E=-3.999999 | 1.2s

  Stage 8/10 | p=0.007
    converged step 50 | E=-3.999999 std=0.00000 Δ=0.00002
    done: steps=50 | E=-3.999999 | 1.1s

  Stage 9/10 | clean
    converged step 50 | E=-3.999999 std=0.00000 Δ=0.00003
    done: steps=50 | E=-3.999999 | 0.6s

  Stage 10/10 | clean
    converged step 50 | E=-3.999999 std=0.00000 Δ=0.00002
    done: steps=50 | E=-3.999999 | 0.6s

  total_steps=890 | final_E=-3.999999
  → final E = -3.999999  |  19.4s

[inv_sel_16_eff_noise] noise on bottom-8 (non-top-16): ['L1Q3RZ0', 'L1Q2RZ0', 'L1Q0RZ0', 'L1Q1RZ0']...
  noisy gates: 8/24 | schedule: [0.7, 0.4, 0.2, 0.1, 0.05, 0.03, 0.01, 0.007, 0.005, 0.0]

  Stage 1/10 | p=0.7
    converged step 220 | E=-3.999724 std=0.00034 Δ=0.00453
    done: steps=220 | E=-3.999724 | 4.7s

  Stage 2/10 | p=0.4
    converged step 50 | E=-3.999999 std=0.00000 Δ=0.00003
    done: steps=50 | E=-3.999999 | 1.1s

  Stage 3/10 | p=0.2
    converged step 50 | E=-3.999999 std=0.00000 Δ=0.00003
    done: steps=50 | E=-3.999999 | 1.1s

  Stage 4/10 | p=0.1
    converged step 50 | E=-3.999999 std=0.00000 Δ=0.00002
    done: steps=50 | E=-3.999999 | 1.1s

  Stage 5/10 | p=0.05
    converged step 50 | E=-3.999999 std=0.00000 Δ=0.00003
    done: steps=50 | E=-3.999999 | 1.0s

  Stage 6/10 | p=0.03
    converged step 50 | E=-3.999999 std=0.00000 Δ=0.00002
    done: steps=50 | E=-3.999999 | 1.1s

  Stage 7/10 | p=0.01
    converged step 50 | E=-3.999999 std=0.00000 Δ=0.00003
    done: steps=50 | E=-3.999999 | 1.1s

  Stage 8/10 | p=0.007
    converged step 50 | E=-3.999999 std=0.00000 Δ=0.00002
    done: steps=50 | E=-3.999999 | 1.1s

  Stage 9/10 | clean
    converged step 50 | E=-3.999999 std=0.00000 Δ=0.00003
    done: steps=50 | E=-3.999999 | 0.5s

  Stage 10/10 | clean
    converged step 50 | E=-3.999999 std=0.00000 Δ=0.00002
    done: steps=50 | E=-3.999999 | 0.6s

  total_steps=670 | final_E=-3.999999
  → final E = -3.999999  |  13.4s

[inv_sel_20_eff_noise] noise on bottom-4 (non-top-20): ['L1Q0RZ2', 'L1Q1RZ2', 'L1Q2RZ2', 'L1Q3RZ2']
  noisy gates: 4/24 | schedule: [0.7, 0.4, 0.2, 0.1, 0.05, 0.03, 0.01, 0.007, 0.005, 0.0]

  Stage 1/10 | p=0.7
    converged step 180 | E=-1.999442 std=0.00035 Δ=0.00418
    done: steps=180 | E=-1.999442 | 3.7s

  Stage 2/10 | p=0.4
    converged step 50 | E=-1.999999 std=0.00000 Δ=0.00002
    done: steps=50 | E=-1.999999 | 1.0s

  Stage 3/10 | p=0.2
    converged step 50 | E=-1.999999 std=0.00000 Δ=0.00003
    done: steps=50 | E=-1.999999 | 1.0s

  Stage 4/10 | p=0.1
    converged step 50 | E=-1.999999 std=0.00000 Δ=0.00003
    done: steps=50 | E=-1.999999 | 1.1s

  Stage 5/10 | p=0.05
    converged step 50 | E=-1.999999 std=0.00000 Δ=0.00003
    done: steps=50 | E=-1.999999 | 1.0s

  Stage 6/10 | p=0.03
    converged step 50 | E=-1.999999 std=0.00000 Δ=0.00003
    done: steps=50 | E=-1.999999 | 1.1s

  Stage 7/10 | p=0.01
    converged step 50 | E=-1.999999 std=0.00000 Δ=0.00003
    done: steps=50 | E=-1.999999 | 1.0s

  Stage 8/10 | p=0.007
    converged step 50 | E=-1.999999 std=0.00000 Δ=0.00003
    done: steps=50 | E=-1.999999 | 1.1s

  Stage 9/10 | clean
    converged step 50 | E=-1.999999 std=0.00000 Δ=0.00003
    done: steps=50 | E=-1.999999 | 0.6s

  Stage 10/10 | clean
    converged step 50 | E=-1.999999 std=0.00000 Δ=0.00003
    done: steps=50 | E=-1.999999 | 0.6s

  total_steps=630 | final_E=-1.999999
  → final E = -1.999999  |  12.1s

[inv_sel_24_eff_noise] noise on bottom-0 (non-top-24): []
  noisy gates: 0/24 | schedule: [0.7, 0.4, 0.2, 0.1, 0.05, 0.03, 0.01, 0.007, 0.005, 0.0]

  Stage 1/10 | p=0.7
    converged step 180 | E=-1.999442 std=0.00035 Δ=0.00418
    done: steps=180 | E=-1.999442 | 3.4s

  Stage 2/10 | p=0.4
    converged step 50 | E=-1.999999 std=0.00000 Δ=0.00002
    done: steps=50 | E=-1.999999 | 1.0s

  Stage 3/10 | p=0.2
    converged step 50 | E=-1.999999 std=0.00000 Δ=0.00003
    done: steps=50 | E=-1.999999 | 1.0s

  Stage 4/10 | p=0.1
    converged step 50 | E=-1.999999 std=0.00000 Δ=0.00003
    done: steps=50 | E=-1.999999 | 0.9s

  Stage 5/10 | p=0.05
    converged step 50 | E=-1.999999 std=0.00000 Δ=0.00003
    done: steps=50 | E=-1.999999 | 0.9s

  Stage 6/10 | p=0.03
    converged step 50 | E=-1.999999 std=0.00000 Δ=0.00003
    done: steps=50 | E=-1.999999 | 1.0s

  Stage 7/10 | p=0.01
    converged step 50 | E=-1.999999 std=0.00000 Δ=0.00003
    done: steps=50 | E=-1.999999 | 1.0s

  Stage 8/10 | p=0.007
    converged step 50 | E=-1.999999 std=0.00000 Δ=0.00003
    done: steps=50 | E=-1.999999 | 1.0s

  Stage 9/10 | clean
    converged step 50 | E=-1.999999 std=0.00000 Δ=0.00003
    done: steps=50 | E=-1.999999 | 0.5s

  Stage 10/10 | clean
    converged step 50 | E=-1.999999 std=0.00000 Δ=0.00003
    done: steps=50 | E=-1.999999 | 0.6s

  total_steps=630 | final_E=-1.999999
  → final E = -1.999999  |  11.2s

[3] Plotting training comparison...
  Saved: training_comparison.png

=================================================================
                      experiment |    final E |    time
-----------------------------------------------------------------
             inv_sel_8_eff_noise |  -3.999999 |   20.2s
            inv_sel_12_eff_noise |  -3.999999 |   19.4s
            inv_sel_16_eff_noise |  -3.999999 |   13.4s
            inv_sel_20_eff_noise |  -1.999999 |   12.1s
            inv_sel_24_eff_noise |  -1.999999 |   11.2s
-----------------------------------------------------------------
                      global min |  -4.000000 |
  total: 77s
=================================================================

Results saved → /home/yujin/noise_assisted_annealing/pruning_260512/commutator_eff_YJ_260521/results/20260617_134615_seed477_avg50_invsel/
