============================================================
  commutator_eff importance scoring
  seed        : 477  (20260324_170741_seed477)
  scoring at  : clean params  (shape (2, 4, 3))
  init energy : 0.059033
  global min  : -4.000000
============================================================

[1] Computing naive importance scores...
[2] Computing effective-Hamiltonian importance scores...

  Effective score ranking:
  rank |        label |  eff score | naive score
  ---------------------------------------------
     1 |      L0Q0RY1 |     6.9282 |      4.0000  ██████████████████████████████████
     2 |      L0Q2RY1 |     6.9282 |      4.0000  ██████████████████████████████████
     3 |      L0Q3RY1 |     6.9282 |      4.0000  ██████████████████████████████████
     4 |      L0Q1RY1 |     6.8116 |      4.0000  ██████████████████████████████████
     5 |      L0Q1RZ0 |     5.6569 |      0.0000  ████████████████████████████
     6 |      L1Q2RY1 |     5.6569 |      4.0000  ████████████████████████████
     7 |      L1Q3RY1 |     5.6569 |      4.0000  ████████████████████████████
     8 |      L0Q2RZ0 |     5.6263 |      0.0000  ████████████████████████████
     9 |      L1Q0RY1 |     4.0000 |      4.0000  ████████████████████
    10 |      L1Q1RY1 |     4.0000 |      4.0000  ████████████████████
    11 |      L0Q1RZ2 |     3.7944 |      0.0000  ██████████████████
    12 |      L0Q2RZ2 |     3.7866 |      0.0000  ██████████████████
    13 |      L1Q1RZ0 |     3.7866 |      0.0000  ██████████████████
    14 |      L0Q0RZ0 |     0.4849 |      0.0000  ██
    15 |      L1Q0RZ0 |     0.2427 |      0.0000  █
    16 |      L0Q0RZ2 |     0.2427 |      0.0000  █
    17 |      L0Q3RZ0 |     0.0000 |      0.0000  
    18 |      L0Q3RZ2 |     0.0000 |      0.0000  
    19 |      L1Q2RZ0 |     0.0000 |      0.0000  
    20 |      L1Q3RZ0 |     0.0000 |      0.0000  
    21 |      L1Q0RZ2 |     0.0000 |      0.0000  
    22 |      L1Q1RZ2 |     0.0000 |      0.0000  
    23 |      L1Q2RZ2 |     0.0000 |      0.0000  
    24 |      L1Q3RZ2 |     0.0000 |      0.0000  

[3] Plotting importance comparison...
  Saved: importance_comparison.png

=======================================================
  Clean Adam — eff scoring
=======================================================

[pruned_8_eff] top-8: ['L0Q0RY1', 'L0Q2RY1', 'L0Q3RY1', 'L0Q1RY1', 'L0Q1RZ0', 'L1Q2RY1']...
    step  100 | E = -1.543643
    step  200 | E = -1.994880
    step  300 | E = -2.000000
    step  400 | E = -2.000000
    step  500 | E = -2.000000
  → final E = -2.000000  |  7.0s

[pruned_16_eff] top-16: ['L0Q0RY1', 'L0Q2RY1', 'L0Q3RY1', 'L0Q1RY1', 'L0Q1RZ0', 'L1Q2RY1']...
    step  100 | E = -2.734946
    step  200 | E = -3.999920
    step  300 | E = -4.000000
    step  400 | E = -4.000000
    step  500 | E = -4.000000
  → final E = -4.000000  |  9.1s

=======================================================
  Clean Adam — naive scoring
=======================================================

[pruned_8_naive] top-8: ['L0Q0RY1', 'L0Q1RY1', 'L0Q2RY1', 'L0Q3RY1', 'L1Q0RY1', 'L1Q1RY1']...
    step  100 | E = -3.381917
    step  200 | E = -3.996746
    step  300 | E = -3.999998
    step  400 | E = -4.000000
    step  500 | E = -4.000000
  → final E = -4.000000  |  6.9s

[pruned_16_naive] top-16: ['L0Q0RY1', 'L0Q1RY1', 'L0Q2RY1', 'L0Q3RY1', 'L1Q0RY1', 'L1Q1RY1']...
    step  100 | E = -2.261561
    step  200 | E = -3.997084
    step  300 | E = -4.000000
    step  400 | E = -4.000000
    step  500 | E = -4.000000
  → final E = -4.000000  |  9.0s

=======================================================
  Noise annealing experiments
=======================================================

[noise_full]
  schedule: [0.7, 0.4, 0.2, 0.1, 0.05, 0.03, 0.01, 0.007, 0.005, 0.0]

  Stage 1/10 | p=0.7 | adam(lr=0.01)
/home/yujin/.conda/envs/noise_qml/lib/python3.11/site-packages/autoray/autoray.py:1138: ComplexWarning: Casting complex values to real discards the imaginary part
  return x.astype(dtype, **kwargs)
    converged step 290 | E=-3.999279 std=0.00043 Δ=0.00355
    done: steps=290 | E=-3.999279 | 11.2s

  Stage 2/10 | p=0.4 | adam(lr=0.01)
    converged step 50 | E=-3.999997 std=0.00000 Δ=0.00001
    done: steps=50 | E=-3.999997 | 2.1s

  Stage 3/10 | p=0.2 | adam(lr=0.01)
    converged step 50 | E=-4.000000 std=0.00000 Δ=0.00003
    done: steps=50 | E=-4.000000 | 2.5s

  Stage 4/10 | p=0.1 | adam(lr=0.01)
    converged step 50 | E=-4.000000 std=0.00000 Δ=0.00003
    done: steps=50 | E=-4.000000 | 2.6s

  Stage 5/10 | p=0.05 | adam(lr=0.01)
    converged step 50 | E=-4.000000 std=0.00000 Δ=0.00002
    done: steps=50 | E=-4.000000 | 2.5s

  Stage 6/10 | p=0.03 | adam(lr=0.01)
    converged step 50 | E=-4.000000 std=0.00000 Δ=0.00003
    done: steps=50 | E=-4.000000 | 2.1s

  Stage 7/10 | p=0.01 | adam(lr=0.01)
    converged step 50 | E=-4.000000 std=0.00000 Δ=0.00002
    done: steps=50 | E=-4.000000 | 2.0s

  Stage 8/10 | p=0.007 | adam(lr=0.01)
    converged step 50 | E=-4.000000 std=0.00000 Δ=0.00003
    done: steps=50 | E=-4.000000 | 1.9s

  Stage 9/10 | clean | adam(lr=0.01)
    converged step 50 | E=-4.000000 std=0.00000 Δ=0.00003
    done: steps=50 | E=-4.000000 | 0.9s

  Stage 10/10 | clean | adam(lr=0.01)
    converged step 50 | E=-4.000000 std=0.00000 Δ=0.00003
    done: steps=50 | E=-4.000000 | 0.9s

  total_steps=740 | final_E=-4.000000
  → final E = -4.000000  |  28.7s

[pruned_8_eff_noise] top-8: ['L0Q0RY1', 'L0Q2RY1', 'L0Q3RY1', 'L0Q1RY1', 'L0Q1RZ0', 'L1Q2RY1']...
  active gates: 8 | schedule: [0.7, 0.4, 0.2, 0.1, 0.05, 0.03, 0.01, 0.007, 0.005, 0.0]

  Stage 1/10 | p=0.7
    converged step 230 | E=-1.999502 std=0.00031 Δ=0.00297
    done: steps=230 | E=-1.999502 | 3.8s

  Stage 2/10 | p=0.4
    converged step 50 | E=-2.000000 std=0.00000 Δ=0.00002
    done: steps=50 | E=-2.000000 | 0.9s

  Stage 3/10 | p=0.2
    converged step 50 | E=-2.000000 std=0.00000 Δ=0.00001
    done: steps=50 | E=-2.000000 | 0.9s

  Stage 4/10 | p=0.1
    converged step 50 | E=-2.000000 std=0.00000 Δ=0.00001
    done: steps=50 | E=-2.000000 | 0.8s

  Stage 5/10 | p=0.05
    converged step 50 | E=-2.000000 std=0.00000 Δ=0.00001
    done: steps=50 | E=-2.000000 | 0.9s

  Stage 6/10 | p=0.03
    converged step 50 | E=-2.000000 std=0.00000 Δ=0.00001
    done: steps=50 | E=-2.000000 | 0.8s

  Stage 7/10 | p=0.01
    converged step 50 | E=-2.000000 std=0.00000 Δ=0.00001
    done: steps=50 | E=-2.000000 | 0.9s

  Stage 8/10 | p=0.007
    converged step 50 | E=-2.000000 std=0.00000 Δ=0.00001
    done: steps=50 | E=-2.000000 | 0.8s

  Stage 9/10 | clean
    converged step 50 | E=-2.000000 std=0.00000 Δ=0.00001
    done: steps=50 | E=-2.000000 | 0.5s

  Stage 10/10 | clean
    converged step 50 | E=-2.000000 std=0.00000 Δ=0.00001
    done: steps=50 | E=-2.000000 | 0.5s

  total_steps=680 | final_E=-2.000000
  → final E = -2.000000  |  10.6s

[pruned_16_eff_noise] top-16: ['L0Q0RY1', 'L0Q2RY1', 'L0Q3RY1', 'L0Q1RY1', 'L0Q1RZ0', 'L1Q2RY1']...
  active gates: 16 | schedule: [0.7, 0.4, 0.2, 0.1, 0.05, 0.03, 0.01, 0.007, 0.005, 0.0]

  Stage 1/10 | p=0.7
    converged step 200 | E=-3.999920 std=0.00003 Δ=0.00322
    done: steps=200 | E=-3.999920 | 4.8s

  Stage 2/10 | p=0.4
    converged step 50 | E=-3.999997 std=0.00000 Δ=0.00004
    done: steps=50 | E=-3.999997 | 1.1s

  Stage 3/10 | p=0.2
    converged step 50 | E=-3.999999 std=0.00000 Δ=0.00005
    done: steps=50 | E=-3.999999 | 1.1s

  Stage 4/10 | p=0.1
    converged step 50 | E=-3.999997 std=0.00000 Δ=0.00004
    done: steps=50 | E=-3.999997 | 1.2s

  Stage 5/10 | p=0.05
    converged step 50 | E=-3.999999 std=0.00000 Δ=0.00005
    done: steps=50 | E=-3.999999 | 1.1s

  Stage 6/10 | p=0.03
    converged step 50 | E=-3.999997 std=0.00000 Δ=0.00004
    done: steps=50 | E=-3.999997 | 1.2s

  Stage 7/10 | p=0.01
    converged step 50 | E=-3.999999 std=0.00000 Δ=0.00005
    done: steps=50 | E=-3.999999 | 1.1s

  Stage 8/10 | p=0.007
    converged step 50 | E=-3.999997 std=0.00000 Δ=0.00004
    done: steps=50 | E=-3.999997 | 1.1s

  Stage 9/10 | clean
    converged step 50 | E=-3.999999 std=0.00000 Δ=0.00005
    done: steps=50 | E=-3.999999 | 0.7s

  Stage 10/10 | clean
    converged step 50 | E=-3.999997 std=0.00000 Δ=0.00004
    done: steps=50 | E=-3.999997 | 0.7s

  total_steps=650 | final_E=-3.999997
  → final E = -3.999997  |  14.3s

[pruned_8_naive_noise] top-8: ['L0Q0RY1', 'L0Q1RY1', 'L0Q2RY1', 'L0Q3RY1', 'L1Q0RY1', 'L1Q1RY1']...
  active gates: 8 | schedule: [0.7, 0.4, 0.2, 0.1, 0.05, 0.03, 0.01, 0.007, 0.005, 0.0]

  Stage 1/10 | p=0.7
    converged step 220 | E=-3.999097 std=0.00042 Δ=0.00330
    done: steps=220 | E=-3.999097 | 4.1s

  Stage 2/10 | p=0.4
    converged step 50 | E=-3.999998 std=0.00000 Δ=0.00005
    done: steps=50 | E=-3.999998 | 0.9s

  Stage 3/10 | p=0.2
    converged step 50 | E=-4.000000 std=0.00000 Δ=0.00003
    done: steps=50 | E=-4.000000 | 0.9s

  Stage 4/10 | p=0.1
    converged step 50 | E=-3.999998 std=0.00000 Δ=0.00002
    done: steps=50 | E=-3.999998 | 1.0s

  Stage 5/10 | p=0.05
    converged step 50 | E=-4.000000 std=0.00000 Δ=0.00003
    done: steps=50 | E=-4.000000 | 0.9s

  Stage 6/10 | p=0.03
    converged step 50 | E=-3.999998 std=0.00000 Δ=0.00002
    done: steps=50 | E=-3.999998 | 0.9s

  Stage 7/10 | p=0.01
    converged step 50 | E=-4.000000 std=0.00000 Δ=0.00003
    done: steps=50 | E=-4.000000 | 0.9s

  Stage 8/10 | p=0.007
    converged step 50 | E=-3.999998 std=0.00000 Δ=0.00002
    done: steps=50 | E=-3.999998 | 0.9s

  Stage 9/10 | clean
    converged step 50 | E=-4.000000 std=0.00000 Δ=0.00003
    done: steps=50 | E=-4.000000 | 0.6s

  Stage 10/10 | clean
    converged step 50 | E=-3.999998 std=0.00000 Δ=0.00002
    done: steps=50 | E=-3.999998 | 0.5s

  total_steps=670 | final_E=-3.999998
  → final E = -3.999998  |  11.7s

[pruned_16_naive_noise] top-16: ['L0Q0RY1', 'L0Q1RY1', 'L0Q2RY1', 'L0Q3RY1', 'L1Q0RY1', 'L1Q1RY1']...
  active gates: 16 | schedule: [0.7, 0.4, 0.2, 0.1, 0.05, 0.03, 0.01, 0.007, 0.005, 0.0]

  Stage 1/10 | p=0.7
    converged step 220 | E=-3.999507 std=0.00037 Δ=0.00382
    done: steps=220 | E=-3.999507 | 5.1s

  Stage 2/10 | p=0.4
    converged step 50 | E=-3.999998 std=0.00000 Δ=0.00005
    done: steps=50 | E=-3.999998 | 1.2s

  Stage 3/10 | p=0.2
    converged step 50 | E=-3.999999 std=0.00000 Δ=0.00005
    done: steps=50 | E=-3.999999 | 1.2s

  Stage 4/10 | p=0.1
    converged step 50 | E=-3.999998 std=0.00000 Δ=0.00004
    done: steps=50 | E=-3.999998 | 1.2s

  Stage 5/10 | p=0.05
    converged step 50 | E=-3.999999 std=0.00000 Δ=0.00005
    done: steps=50 | E=-3.999999 | 1.2s

  Stage 6/10 | p=0.03
    converged step 50 | E=-3.999998 std=0.00000 Δ=0.00004
    done: steps=50 | E=-3.999998 | 1.2s

  Stage 7/10 | p=0.01
    converged step 50 | E=-3.999999 std=0.00000 Δ=0.00005
    done: steps=50 | E=-3.999999 | 1.1s

  Stage 8/10 | p=0.007
    converged step 50 | E=-3.999997 std=0.00000 Δ=0.00004
    done: steps=50 | E=-3.999997 | 1.1s

  Stage 9/10 | clean
    converged step 50 | E=-3.999999 std=0.00000 Δ=0.00005
    done: steps=50 | E=-3.999999 | 0.7s

  Stage 10/10 | clean
    converged step 50 | E=-3.999997 std=0.00000 Δ=0.00004
    done: steps=50 | E=-3.999997 | 0.7s

  total_steps=670 | final_E=-3.999997
  → final E = -3.999997  |  14.7s

[4] Plotting training comparison...
  Saved: training_comparison.png

=================================================================
                      experiment |    final E |    time
-----------------------------------------------------------------
                    pruned_8_eff |  -2.000000 |    7.0s
                   pruned_16_eff |  -4.000000 |    9.1s
                  pruned_8_naive |  -4.000000 |    6.9s
                 pruned_16_naive |  -4.000000 |    9.0s
                      noise_full |  -4.000000 |   28.7s
              pruned_8_eff_noise |  -2.000000 |   10.6s
             pruned_16_eff_noise |  -3.999997 |   14.3s
            pruned_8_naive_noise |  -3.999998 |   11.7s
           pruned_16_naive_noise |  -3.999997 |   14.7s
-----------------------------------------------------------------
                      global min |  -4.000000 |
  total: 113s
=================================================================

Results saved → /home/yujin/noise_assisted_annealing/pruning_260512/commutator_eff_YJ_260521/results/20260521_151431_seed477/
